2025-11-04 09:43:06,574 - INFO - context_portal_mcp.main - File logging configured to: D:\Gawean Rebinmas\Monitoring Database\Plantware_Auto_Report\Daftar_Upah_Reporting\context_portal\./logs/conport.log
2025-11-04 09:43:06,581 - INFO - context_portal_mcp.core.config - Database filename set to: context.db
2025-11-04 09:43:06,581 - INFO - context_portal_mcp.main - Using database filename: context.db
2025-11-04 09:43:06,581 - INFO - context_portal_mcp.main - Parsed CLI args: Namespace(host='127.0.0.1', port=8000, workspace_id='D:\\Gawean Rebinmas\\Monitoring Database\\Plantware_Auto_Report\\Daftar_Upah_Reporting', auto_detect_workspace=True, workspace_search_start=None, no_auto_detect=False, mode='stdio', log_file='./logs/conport.log', db_path=None, base_path=None, db_filename='context.db', log_level='INFO')
2025-11-04 09:43:06,581 - INFO - context_portal_mcp.main - Starting ConPort in STDIO mode with workspace detection enabled
2025-11-04 09:43:06,587 - WARNING - context_portal_mcp.core.workspace_detector - No workspace indicators found, using start path: C:\Users\nbgmf
2025-11-04 09:43:06,587 - INFO - context_portal_mcp.main - Workspace detection details: {'start_path': 'C:\\Users\\nbgmf', 'detected_workspace': 'C:\\Users\\nbgmf', 'context_portal_path': 'C:\\Users\\nbgmf\\context_portal', 'detection_method': 'fallback', 'indicators_found': [], 'environment_variables': {'VSCODE_WORKSPACE_FOLDER': None, 'CONPORT_WORKSPACE': None, 'PWD': None, 'CWD': 'C:\\Users\\nbgmf'}}
2025-11-04 09:43:06,587 - INFO - context_portal_mcp.main - Effective workspace ID: D:\Gawean Rebinmas\Monitoring Database\Plantware_Auto_Report\Daftar_Upah_Reporting
2025-11-04 09:43:06,587 - INFO - context_portal_mcp.main - Pre-warming database connection for workspace: D:\Gawean Rebinmas\Monitoring Database\Plantware_Auto_Report\Daftar_Upah_Reporting
2025-11-04 09:43:06,587 - INFO - context_portal_mcp.db.database - Alembic.ini not found. Creating at D:\Gawean Rebinmas\Monitoring Database\Plantware_Auto_Report\Daftar_Upah_Reporting\context_portal\alembic.ini
2025-11-04 09:43:06,587 - INFO - context_portal_mcp.db.database - Alembic env.py not found. Creating at D:\Gawean Rebinmas\Monitoring Database\Plantware_Auto_Report\Daftar_Upah_Reporting\context_portal\alembic\env.py
2025-11-04 09:43:06,587 - INFO - context_portal_mcp.db.database - Initial schema not found. Creating at D:\Gawean Rebinmas\Monitoring Database\Plantware_Auto_Report\Daftar_Upah_Reporting\context_portal\alembic\versions\2025_06_17_initial_schema.py
2025-11-04 09:43:06,619 - INFO - context_portal_mcp.db.database - Alembic: Script directory D:\Gawean Rebinmas\Monitoring Database\Plantware_Auto_Report\Daftar_Upah_Reporting\context_portal\alembic confirmed to exist by Python.
2025-11-04 09:43:06,619 - INFO - context_portal_mcp.db.database - Running Alembic migrations for database: D:\Gawean Rebinmas\Monitoring Database\Plantware_Auto_Report\Daftar_Upah_Reporting\context_portal\context.db
2025-11-05 10:45:41,161 - INFO - context_portal_mcp.main - File logging configured to: D:\Gawean Rebinmas\Monitoring Database\Plantware_Auto_Report\Daftar_Upah_Reporting\context_portal\./logs/conport.log
2025-11-05 10:45:41,161 - INFO - context_portal_mcp.core.config - Database filename set to: context.db
2025-11-05 10:45:41,161 - INFO - context_portal_mcp.main - Using database filename: context.db
2025-11-05 10:45:41,161 - INFO - context_portal_mcp.main - Parsed CLI args: Namespace(host='127.0.0.1', port=8000, workspace_id='D:\\Gawean Rebinmas\\Monitoring Database\\Plantware_Auto_Report\\Daftar_Upah_Reporting', auto_detect_workspace=True, workspace_search_start=None, no_auto_detect=False, mode='stdio', log_file='./logs/conport.log', db_path=None, base_path=None, db_filename='context.db', log_level='INFO')
2025-11-05 10:45:41,161 - INFO - context_portal_mcp.main - Starting ConPort in STDIO mode with workspace detection enabled
2025-11-05 10:45:41,161 - WARNING - context_portal_mcp.core.workspace_detector - No workspace indicators found, using start path: C:\Users\nbgmf
2025-11-05 10:45:41,161 - INFO - context_portal_mcp.main - Workspace detection details: {'start_path': 'C:\\Users\\nbgmf', 'detected_workspace': 'C:\\Users\\nbgmf', 'context_portal_path': 'C:\\Users\\nbgmf\\context_portal', 'detection_method': 'fallback', 'indicators_found': [], 'environment_variables': {'VSCODE_WORKSPACE_FOLDER': None, 'CONPORT_WORKSPACE': None, 'PWD': None, 'CWD': 'C:\\Users\\nbgmf'}}
2025-11-05 10:45:41,161 - INFO - context_portal_mcp.main - Effective workspace ID: D:\Gawean Rebinmas\Monitoring Database\Plantware_Auto_Report\Daftar_Upah_Reporting
2025-11-05 10:45:41,161 - INFO - context_portal_mcp.main - Pre-warming database connection for workspace: D:\Gawean Rebinmas\Monitoring Database\Plantware_Auto_Report\Daftar_Upah_Reporting
2025-11-05 10:45:41,161 - INFO - context_portal_mcp.db.database - Alembic: Script directory D:\Gawean Rebinmas\Monitoring Database\Plantware_Auto_Report\Daftar_Upah_Reporting\context_portal\alembic confirmed to exist by Python.
2025-11-05 10:45:41,161 - INFO - context_portal_mcp.db.database - Running Alembic migrations for database: D:\Gawean Rebinmas\Monitoring Database\Plantware_Auto_Report\Daftar_Upah_Reporting\context_portal\context.db
2025-11-05 15:04:07,892 - INFO - context_portal_mcp.main - File logging configured to: D:\Gawean Rebinmas\Monitoring Database\Plantware_Auto_Report\Daftar_Upah_Reporting\context_portal\./logs/conport.log
2025-11-05 15:04:07,895 - INFO - context_portal_mcp.core.config - Database filename set to: context.db
2025-11-05 15:04:07,895 - INFO - context_portal_mcp.main - Using database filename: context.db
2025-11-05 15:04:07,895 - INFO - context_portal_mcp.main - Parsed CLI args: Namespace(host='127.0.0.1', port=8000, workspace_id='D:\\Gawean Rebinmas\\Monitoring Database\\Plantware_Auto_Report\\Daftar_Upah_Reporting', auto_detect_workspace=True, workspace_search_start=None, no_auto_detect=False, mode='stdio', log_file='./logs/conport.log', db_path=None, base_path=None, db_filename='context.db', log_level='INFO')
2025-11-05 15:04:07,895 - INFO - context_portal_mcp.main - Starting ConPort in STDIO mode with workspace detection enabled
2025-11-05 15:04:07,895 - WARNING - context_portal_mcp.core.workspace_detector - No workspace indicators found, using start path: C:\Users\nbgmf
2025-11-05 15:04:07,903 - INFO - context_portal_mcp.main - Workspace detection details: {'start_path': 'C:\\Users\\nbgmf', 'detected_workspace': 'C:\\Users\\nbgmf', 'context_portal_path': 'C:\\Users\\nbgmf\\context_portal', 'detection_method': 'fallback', 'indicators_found': [], 'environment_variables': {'VSCODE_WORKSPACE_FOLDER': None, 'CONPORT_WORKSPACE': None, 'PWD': None, 'CWD': 'C:\\Users\\nbgmf'}}
2025-11-05 15:04:07,903 - INFO - context_portal_mcp.main - Effective workspace ID: D:\Gawean Rebinmas\Monitoring Database\Plantware_Auto_Report\Daftar_Upah_Reporting
2025-11-05 15:04:07,903 - INFO - context_portal_mcp.main - Pre-warming database connection for workspace: D:\Gawean Rebinmas\Monitoring Database\Plantware_Auto_Report\Daftar_Upah_Reporting
2025-11-05 15:04:07,905 - INFO - context_portal_mcp.db.database - Alembic: Script directory D:\Gawean Rebinmas\Monitoring Database\Plantware_Auto_Report\Daftar_Upah_Reporting\context_portal\alembic confirmed to exist by Python.
2025-11-05 15:04:07,905 - INFO - context_portal_mcp.db.database - Running Alembic migrations for database: D:\Gawean Rebinmas\Monitoring Database\Plantware_Auto_Report\Daftar_Upah_Reporting\context_portal\context.db
2025-11-07 08:05:24,979 - INFO - context_portal_mcp.main - File logging configured to: D:\Gawean Rebinmas\Monitoring Database\Plantware_Auto_Report\Daftar_Upah_Reporting\context_portal\./logs/conport.log
2025-11-07 08:05:24,980 - INFO - context_portal_mcp.core.config - Database filename set to: context.db
2025-11-07 08:05:24,980 - INFO - context_portal_mcp.main - Using database filename: context.db
2025-11-07 08:05:24,980 - INFO - context_portal_mcp.main - Parsed CLI args: Namespace(host='127.0.0.1', port=8000, workspace_id='D:\\Gawean Rebinmas\\Monitoring Database\\Plantware_Auto_Report\\Daftar_Upah_Reporting', auto_detect_workspace=True, workspace_search_start=None, no_auto_detect=False, mode='stdio', log_file='./logs/conport.log', db_path=None, base_path=None, db_filename='context.db', log_level='INFO')
2025-11-07 08:05:24,980 - INFO - context_portal_mcp.main - Starting ConPort in STDIO mode with workspace detection enabled
2025-11-07 08:05:24,984 - WARNING - context_portal_mcp.core.workspace_detector - No workspace indicators found, using start path: C:\Users\nbgmf
2025-11-07 08:05:24,984 - INFO - context_portal_mcp.main - Workspace detection details: {'start_path': 'C:\\Users\\nbgmf', 'detected_workspace': 'C:\\Users\\nbgmf', 'context_portal_path': 'C:\\Users\\nbgmf\\context_portal', 'detection_method': 'fallback', 'indicators_found': [], 'environment_variables': {'VSCODE_WORKSPACE_FOLDER': None, 'CONPORT_WORKSPACE': None, 'PWD': None, 'CWD': 'C:\\Users\\nbgmf'}}
2025-11-07 08:05:24,984 - INFO - context_portal_mcp.main - Effective workspace ID: D:\Gawean Rebinmas\Monitoring Database\Plantware_Auto_Report\Daftar_Upah_Reporting
2025-11-07 08:05:24,984 - INFO - context_portal_mcp.main - Pre-warming database connection for workspace: D:\Gawean Rebinmas\Monitoring Database\Plantware_Auto_Report\Daftar_Upah_Reporting
2025-11-07 08:05:24,985 - INFO - context_portal_mcp.db.database - Alembic: Script directory D:\Gawean Rebinmas\Monitoring Database\Plantware_Auto_Report\Daftar_Upah_Reporting\context_portal\alembic confirmed to exist by Python.
2025-11-07 08:05:24,985 - INFO - context_portal_mcp.db.database - Running Alembic migrations for database: D:\Gawean Rebinmas\Monitoring Database\Plantware_Auto_Report\Daftar_Upah_Reporting\context_portal\context.db
2025-11-10 15:07:22,437 - INFO - context_portal_mcp.main - File logging configured to: D:\Gawean Rebinmas\Monitoring Database\Plantware_Auto_Report\Daftar_Upah_Reporting\context_portal\./logs/conport.log
2025-11-10 15:07:22,437 - INFO - context_portal_mcp.core.config - Database filename set to: context.db
2025-11-10 15:07:22,437 - INFO - context_portal_mcp.main - Using database filename: context.db
2025-11-10 15:07:22,437 - INFO - context_portal_mcp.main - Parsed CLI args: Namespace(host='127.0.0.1', port=8000, workspace_id='D:\\Gawean Rebinmas\\Monitoring Database\\Plantware_Auto_Report\\Daftar_Upah_Reporting', auto_detect_workspace=True, workspace_search_start=None, no_auto_detect=False, mode='stdio', log_file='./logs/conport.log', db_path=None, base_path=None, db_filename='context.db', log_level='INFO')
2025-11-10 15:07:22,437 - INFO - context_portal_mcp.main - Starting ConPort in STDIO mode with workspace detection enabled
2025-11-10 15:07:22,455 - WARNING - context_portal_mcp.core.workspace_detector - No workspace indicators found, using start path: C:\Users\nbgmf
2025-11-10 15:07:22,457 - INFO - context_portal_mcp.main - Workspace detection details: {'start_path': 'C:\\Users\\nbgmf', 'detected_workspace': 'C:\\Users\\nbgmf', 'context_portal_path': 'C:\\Users\\nbgmf\\context_portal', 'detection_method': 'fallback', 'indicators_found': [], 'environment_variables': {'VSCODE_WORKSPACE_FOLDER': None, 'CONPORT_WORKSPACE': None, 'PWD': None, 'CWD': 'C:\\Users\\nbgmf'}}
2025-11-10 15:07:22,459 - INFO - context_portal_mcp.main - Effective workspace ID: D:\Gawean Rebinmas\Monitoring Database\Plantware_Auto_Report\Daftar_Upah_Reporting
2025-11-10 15:07:22,459 - INFO - context_portal_mcp.main - Pre-warming database connection for workspace: D:\Gawean Rebinmas\Monitoring Database\Plantware_Auto_Report\Daftar_Upah_Reporting
2025-11-10 15:07:22,469 - INFO - context_portal_mcp.db.database - Alembic: Script directory D:\Gawean Rebinmas\Monitoring Database\Plantware_Auto_Report\Daftar_Upah_Reporting\context_portal\alembic confirmed to exist by Python.
2025-11-10 15:07:22,469 - INFO - context_portal_mcp.db.database - Running Alembic migrations for database: D:\Gawean Rebinmas\Monitoring Database\Plantware_Auto_Report\Daftar_Upah_Reporting\context_portal\context.db
2025-11-10 15:25:12,369 - INFO - context_portal_mcp.main - File logging configured to: D:\Gawean Rebinmas\Monitoring Database\Plantware_Auto_Report\Daftar_Upah_Reporting\context_portal\./logs/conport.log
2025-11-10 15:25:12,370 - INFO - context_portal_mcp.core.config - Database filename set to: context.db
2025-11-10 15:25:12,370 - INFO - context_portal_mcp.main - Using database filename: context.db
2025-11-10 15:25:12,370 - INFO - context_portal_mcp.main - Parsed CLI args: Namespace(host='127.0.0.1', port=8000, workspace_id='D:\\Gawean Rebinmas\\Monitoring Database\\Plantware_Auto_Report\\Daftar_Upah_Reporting', auto_detect_workspace=True, workspace_search_start=None, no_auto_detect=False, mode='stdio', log_file='./logs/conport.log', db_path=None, base_path=None, db_filename='context.db', log_level='INFO')
2025-11-10 15:25:12,370 - INFO - context_portal_mcp.main - Starting ConPort in STDIO mode with workspace detection enabled
2025-11-10 15:25:12,371 - WARNING - context_portal_mcp.core.workspace_detector - No workspace indicators found, using start path: C:\Users\nbgmf
2025-11-10 15:25:12,372 - INFO - context_portal_mcp.main - Workspace detection details: {'start_path': 'C:\\Users\\nbgmf', 'detected_workspace': 'C:\\Users\\nbgmf', 'context_portal_path': 'C:\\Users\\nbgmf\\context_portal', 'detection_method': 'fallback', 'indicators_found': [], 'environment_variables': {'VSCODE_WORKSPACE_FOLDER': None, 'CONPORT_WORKSPACE': None, 'PWD': None, 'CWD': 'C:\\Users\\nbgmf'}}
2025-11-10 15:25:12,372 - INFO - context_portal_mcp.main - Effective workspace ID: D:\Gawean Rebinmas\Monitoring Database\Plantware_Auto_Report\Daftar_Upah_Reporting
2025-11-10 15:25:12,372 - INFO - context_portal_mcp.main - Pre-warming database connection for workspace: D:\Gawean Rebinmas\Monitoring Database\Plantware_Auto_Report\Daftar_Upah_Reporting
2025-11-10 15:25:12,373 - INFO - context_portal_mcp.db.database - Alembic: Script directory D:\Gawean Rebinmas\Monitoring Database\Plantware_Auto_Report\Daftar_Upah_Reporting\context_portal\alembic confirmed to exist by Python.
2025-11-10 15:25:12,374 - INFO - context_portal_mcp.db.database - Running Alembic migrations for database: D:\Gawean Rebinmas\Monitoring Database\Plantware_Auto_Report\Daftar_Upah_Reporting\context_portal\context.db
2025-11-11 08:43:35,246 - INFO - context_portal_mcp.main - File logging configured to: D:\Gawean Rebinmas\Monitoring Database\Plantware_Auto_Report\Daftar_Upah_Reporting\context_portal\./logs/conport.log
2025-11-11 08:43:35,246 - INFO - context_portal_mcp.core.config - Database filename set to: context.db
2025-11-11 08:43:35,246 - INFO - context_portal_mcp.main - Using database filename: context.db
2025-11-11 08:43:35,246 - INFO - context_portal_mcp.main - Parsed CLI args: Namespace(host='127.0.0.1', port=8000, workspace_id='D:\\Gawean Rebinmas\\Monitoring Database\\Plantware_Auto_Report\\Daftar_Upah_Reporting', auto_detect_workspace=True, workspace_search_start=None, no_auto_detect=False, mode='stdio', log_file='./logs/conport.log', db_path=None, base_path=None, db_filename='context.db', log_level='INFO')
2025-11-11 08:43:35,246 - INFO - context_portal_mcp.main - Starting ConPort in STDIO mode with workspace detection enabled
2025-11-11 08:43:35,262 - WARNING - context_portal_mcp.core.workspace_detector - No workspace indicators found, using start path: C:\Users\nbgmf
2025-11-11 08:43:35,262 - INFO - context_portal_mcp.main - Workspace detection details: {'start_path': 'C:\\Users\\nbgmf', 'detected_workspace': 'C:\\Users\\nbgmf', 'context_portal_path': 'C:\\Users\\nbgmf\\context_portal', 'detection_method': 'fallback', 'indicators_found': [], 'environment_variables': {'VSCODE_WORKSPACE_FOLDER': None, 'CONPORT_WORKSPACE': None, 'PWD': None, 'CWD': 'C:\\Users\\nbgmf'}}
2025-11-11 08:43:35,262 - INFO - context_portal_mcp.main - Effective workspace ID: D:\Gawean Rebinmas\Monitoring Database\Plantware_Auto_Report\Daftar_Upah_Reporting
2025-11-11 08:43:35,262 - INFO - context_portal_mcp.main - Pre-warming database connection for workspace: D:\Gawean Rebinmas\Monitoring Database\Plantware_Auto_Report\Daftar_Upah_Reporting
2025-11-11 08:43:35,262 - INFO - context_portal_mcp.db.database - Alembic: Script directory D:\Gawean Rebinmas\Monitoring Database\Plantware_Auto_Report\Daftar_Upah_Reporting\context_portal\alembic confirmed to exist by Python.
2025-11-11 08:43:35,262 - INFO - context_portal_mcp.db.database - Running Alembic migrations for database: D:\Gawean Rebinmas\Monitoring Database\Plantware_Auto_Report\Daftar_Upah_Reporting\context_portal\context.db
2025-11-11 08:45:27,838 - INFO - context_portal_mcp.main - File logging configured to: D:\Gawean Rebinmas\Monitoring Database\Plantware_Auto_Report\Daftar_Upah_Reporting\context_portal\./logs/conport.log
2025-11-11 08:45:27,838 - INFO - context_portal_mcp.core.config - Database filename set to: context.db
2025-11-11 08:45:27,838 - INFO - context_portal_mcp.main - Using database filename: context.db
2025-11-11 08:45:27,840 - INFO - context_portal_mcp.main - Parsed CLI args: Namespace(host='127.0.0.1', port=8000, workspace_id='D:\\Gawean Rebinmas\\Monitoring Database\\Plantware_Auto_Report\\Daftar_Upah_Reporting', auto_detect_workspace=True, workspace_search_start=None, no_auto_detect=False, mode='stdio', log_file='./logs/conport.log', db_path=None, base_path=None, db_filename='context.db', log_level='INFO')
2025-11-11 08:45:27,840 - INFO - context_portal_mcp.main - Starting ConPort in STDIO mode with workspace detection enabled
2025-11-11 08:45:27,847 - WARNING - context_portal_mcp.core.workspace_detector - No workspace indicators found, using start path: C:\Users\nbgmf
2025-11-11 08:45:27,847 - INFO - context_portal_mcp.main - Workspace detection details: {'start_path': 'C:\\Users\\nbgmf', 'detected_workspace': 'C:\\Users\\nbgmf', 'context_portal_path': 'C:\\Users\\nbgmf\\context_portal', 'detection_method': 'fallback', 'indicators_found': [], 'environment_variables': {'VSCODE_WORKSPACE_FOLDER': None, 'CONPORT_WORKSPACE': None, 'PWD': None, 'CWD': 'C:\\Users\\nbgmf'}}
2025-11-11 08:45:27,847 - INFO - context_portal_mcp.main - Effective workspace ID: D:\Gawean Rebinmas\Monitoring Database\Plantware_Auto_Report\Daftar_Upah_Reporting
2025-11-11 08:45:27,847 - INFO - context_portal_mcp.main - Pre-warming database connection for workspace: D:\Gawean Rebinmas\Monitoring Database\Plantware_Auto_Report\Daftar_Upah_Reporting
2025-11-11 08:45:27,847 - INFO - context_portal_mcp.db.database - Alembic: Script directory D:\Gawean Rebinmas\Monitoring Database\Plantware_Auto_Report\Daftar_Upah_Reporting\context_portal\alembic confirmed to exist by Python.
2025-11-11 08:45:27,847 - INFO - context_portal_mcp.db.database - Running Alembic migrations for database: D:\Gawean Rebinmas\Monitoring Database\Plantware_Auto_Report\Daftar_Upah_Reporting\context_portal\context.db
2025-11-11 08:54:22,053 - INFO - context_portal_mcp.main - File logging configured to: D:\Gawean Rebinmas\Monitoring Database\Plantware_Auto_Report\Daftar_Upah_Reporting\context_portal\./logs/conport.log
2025-11-11 08:54:22,069 - INFO - context_portal_mcp.core.config - Database filename set to: context.db
2025-11-11 08:54:22,070 - INFO - context_portal_mcp.main - Using database filename: context.db
2025-11-11 08:54:22,070 - INFO - context_portal_mcp.main - Parsed CLI args: Namespace(host='127.0.0.1', port=8000, workspace_id='D:\\Gawean Rebinmas\\Monitoring Database\\Plantware_Auto_Report\\Daftar_Upah_Reporting', auto_detect_workspace=True, workspace_search_start=None, no_auto_detect=False, mode='stdio', log_file='./logs/conport.log', db_path=None, base_path=None, db_filename='context.db', log_level='INFO')
2025-11-11 08:54:22,070 - INFO - context_portal_mcp.main - Starting ConPort in STDIO mode with workspace detection enabled
2025-11-11 08:54:22,070 - WARNING - context_portal_mcp.core.workspace_detector - No workspace indicators found, using start path: C:\Users\nbgmf
2025-11-11 08:54:22,070 - INFO - context_portal_mcp.main - Workspace detection details: {'start_path': 'C:\\Users\\nbgmf', 'detected_workspace': 'C:\\Users\\nbgmf', 'context_portal_path': 'C:\\Users\\nbgmf\\context_portal', 'detection_method': 'fallback', 'indicators_found': [], 'environment_variables': {'VSCODE_WORKSPACE_FOLDER': None, 'CONPORT_WORKSPACE': None, 'PWD': None, 'CWD': 'C:\\Users\\nbgmf'}}
2025-11-11 08:54:22,070 - INFO - context_portal_mcp.main - Effective workspace ID: D:\Gawean Rebinmas\Monitoring Database\Plantware_Auto_Report\Daftar_Upah_Reporting
2025-11-11 08:54:22,070 - INFO - context_portal_mcp.main - Pre-warming database connection for workspace: D:\Gawean Rebinmas\Monitoring Database\Plantware_Auto_Report\Daftar_Upah_Reporting
2025-11-11 08:54:22,085 - INFO - context_portal_mcp.db.database - Alembic: Script directory D:\Gawean Rebinmas\Monitoring Database\Plantware_Auto_Report\Daftar_Upah_Reporting\context_portal\alembic confirmed to exist by Python.
2025-11-11 08:54:22,085 - INFO - context_portal_mcp.db.database - Running Alembic migrations for database: D:\Gawean Rebinmas\Monitoring Database\Plantware_Auto_Report\Daftar_Upah_Reporting\context_portal\context.db
2025-11-12 12:16:53,822 - INFO - context_portal_mcp.main - File logging configured to: D:\Gawean Rebinmas\Monitoring Database\Plantware_Auto_Report\Daftar_Upah_Reporting\context_portal\./logs/conport.log
2025-11-12 12:16:53,837 - INFO - context_portal_mcp.core.config - Database filename set to: context.db
2025-11-12 12:16:53,837 - INFO - context_portal_mcp.main - Using database filename: context.db
2025-11-12 12:16:53,837 - INFO - context_portal_mcp.main - Parsed CLI args: Namespace(host='127.0.0.1', port=8000, workspace_id='D:\\Gawean Rebinmas\\Monitoring Database\\Plantware_Auto_Report\\Daftar_Upah_Reporting', auto_detect_workspace=True, workspace_search_start=None, no_auto_detect=False, mode='stdio', log_file='./logs/conport.log', db_path=None, base_path=None, db_filename='context.db', log_level='INFO')
2025-11-12 12:16:53,837 - INFO - context_portal_mcp.main - Starting ConPort in STDIO mode with workspace detection enabled
2025-11-12 12:16:53,853 - WARNING - context_portal_mcp.core.workspace_detector - No workspace indicators found, using start path: C:\Users\nbgmf
2025-11-12 12:16:53,853 - INFO - context_portal_mcp.main - Workspace detection details: {'start_path': 'C:\\Users\\nbgmf', 'detected_workspace': 'C:\\Users\\nbgmf', 'context_portal_path': 'C:\\Users\\nbgmf\\context_portal', 'detection_method': 'fallback', 'indicators_found': [], 'environment_variables': {'VSCODE_WORKSPACE_FOLDER': None, 'CONPORT_WORKSPACE': None, 'PWD': None, 'CWD': 'C:\\Users\\nbgmf'}}
2025-11-12 12:16:53,853 - INFO - context_portal_mcp.main - Effective workspace ID: D:\Gawean Rebinmas\Monitoring Database\Plantware_Auto_Report\Daftar_Upah_Reporting
2025-11-12 12:16:53,853 - INFO - context_portal_mcp.main - Pre-warming database connection for workspace: D:\Gawean Rebinmas\Monitoring Database\Plantware_Auto_Report\Daftar_Upah_Reporting
2025-11-12 12:16:53,864 - INFO - context_portal_mcp.db.database - Alembic: Script directory D:\Gawean Rebinmas\Monitoring Database\Plantware_Auto_Report\Daftar_Upah_Reporting\context_portal\alembic confirmed to exist by Python.
2025-11-12 12:16:53,864 - INFO - context_portal_mcp.db.database - Running Alembic migrations for database: D:\Gawean Rebinmas\Monitoring Database\Plantware_Auto_Report\Daftar_Upah_Reporting\context_portal\context.db
2025-11-16 16:45:22,985 - INFO - context_portal_mcp.main - File logging configured to: D:\Gawean Rebinmas\Monitoring Database\Plantware_Auto_Report\Daftar_Upah_Reporting\context_portal\./logs/conport.log
2025-11-16 16:45:22,985 - INFO - context_portal_mcp.core.config - Database filename set to: context.db
2025-11-16 16:45:22,985 - INFO - context_portal_mcp.main - Using database filename: context.db
2025-11-16 16:45:22,985 - INFO - context_portal_mcp.main - Parsed CLI args: Namespace(host='127.0.0.1', port=8000, workspace_id='D:\\Gawean Rebinmas\\Monitoring Database\\Plantware_Auto_Report\\Daftar_Upah_Reporting', auto_detect_workspace=True, workspace_search_start=None, no_auto_detect=False, mode='stdio', log_file='./logs/conport.log', db_path=None, base_path=None, db_filename='context.db', log_level='INFO')
2025-11-16 16:45:22,985 - INFO - context_portal_mcp.main - Starting ConPort in STDIO mode with workspace detection enabled
2025-11-16 16:45:22,985 - WARNING - context_portal_mcp.core.workspace_detector - No workspace indicators found, using start path: C:\Users\nbgmf
2025-11-16 16:45:22,992 - INFO - context_portal_mcp.main - Workspace detection details: {'start_path': 'C:\\Users\\nbgmf', 'detected_workspace': 'C:\\Users\\nbgmf', 'context_portal_path': 'C:\\Users\\nbgmf\\context_portal', 'detection_method': 'fallback', 'indicators_found': [], 'environment_variables': {'VSCODE_WORKSPACE_FOLDER': None, 'CONPORT_WORKSPACE': None, 'PWD': None, 'CWD': 'C:\\Users\\nbgmf'}}
2025-11-16 16:45:22,992 - INFO - context_portal_mcp.main - Effective workspace ID: D:\Gawean Rebinmas\Monitoring Database\Plantware_Auto_Report\Daftar_Upah_Reporting
2025-11-16 16:45:22,992 - INFO - context_portal_mcp.main - Pre-warming database connection for workspace: D:\Gawean Rebinmas\Monitoring Database\Plantware_Auto_Report\Daftar_Upah_Reporting
2025-11-16 16:45:22,992 - INFO - context_portal_mcp.db.database - Alembic: Script directory D:\Gawean Rebinmas\Monitoring Database\Plantware_Auto_Report\Daftar_Upah_Reporting\context_portal\alembic confirmed to exist by Python.
2025-11-16 16:45:22,992 - INFO - context_portal_mcp.db.database - Running Alembic migrations for database: D:\Gawean Rebinmas\Monitoring Database\Plantware_Auto_Report\Daftar_Upah_Reporting\context_portal\context.db
