2025-11-17 23:23:38,884 - INFO - context_portal_mcp.main - File logging configured to: D:\Gawean Rebinmas\Monitoring Database\Plantware_Auto_Report\Daftar_Upah_Reporting\refactor_production\context_portal\./logs/conport.log
2025-11-17 23:23:38,884 - INFO - context_portal_mcp.core.config - Database filename set to: context.db
2025-11-17 23:23:38,884 - INFO - context_portal_mcp.main - Using database filename: context.db
2025-11-17 23:23:38,884 - INFO - context_portal_mcp.main - Parsed CLI args: Namespace(host='127.0.0.1', port=8000, workspace_id='D:\\Gawean Rebinmas\\Monitoring Database\\Plantware_Auto_Report\\Daftar_Upah_Reporting\\refactor_production', auto_detect_workspace=True, workspace_search_start=None, no_auto_detect=False, mode='stdio', log_file='./logs/conport.log', db_path=None, base_path=None, db_filename='context.db', log_level='INFO')
2025-11-17 23:23:38,884 - INFO - context_portal_mcp.main - Starting ConPort in STDIO mode with workspace detection enabled
2025-11-17 23:23:38,884 - WARNING - context_portal_mcp.core.workspace_detector - No workspace indicators found, using start path: C:\Users\nbgmf
2025-11-17 23:23:38,884 - INFO - context_portal_mcp.main - Workspace detection details: {'start_path': 'C:\\Users\\nbgmf', 'detected_workspace': 'C:\\Users\\nbgmf', 'context_portal_path': 'C:\\Users\\nbgmf\\context_portal', 'detection_method': 'fallback', 'indicators_found': [], 'environment_variables': {'VSCODE_WORKSPACE_FOLDER': None, 'CONPORT_WORKSPACE': None, 'PWD': None, 'CWD': 'C:\\Users\\nbgmf'}}
2025-11-17 23:23:38,884 - INFO - context_portal_mcp.main - Effective workspace ID: D:\Gawean Rebinmas\Monitoring Database\Plantware_Auto_Report\Daftar_Upah_Reporting\refactor_production
2025-11-17 23:23:38,884 - INFO - context_portal_mcp.main - Pre-warming database connection for workspace: D:\Gawean Rebinmas\Monitoring Database\Plantware_Auto_Report\Daftar_Upah_Reporting\refactor_production
2025-11-17 23:23:38,891 - INFO - context_portal_mcp.db.database - Alembic.ini not found. Creating at D:\Gawean Rebinmas\Monitoring Database\Plantware_Auto_Report\Daftar_Upah_Reporting\refactor_production\context_portal\alembic.ini
2025-11-17 23:23:38,892 - INFO - context_portal_mcp.db.database - Alembic env.py not found. Creating at D:\Gawean Rebinmas\Monitoring Database\Plantware_Auto_Report\Daftar_Upah_Reporting\refactor_production\context_portal\alembic\env.py
2025-11-17 23:23:38,892 - INFO - context_portal_mcp.db.database - Initial schema not found. Creating at D:\Gawean Rebinmas\Monitoring Database\Plantware_Auto_Report\Daftar_Upah_Reporting\refactor_production\context_portal\alembic\versions\2025_06_17_initial_schema.py
2025-11-17 23:23:38,896 - INFO - context_portal_mcp.db.database - Alembic: Script directory D:\Gawean Rebinmas\Monitoring Database\Plantware_Auto_Report\Daftar_Upah_Reporting\refactor_production\context_portal\alembic confirmed to exist by Python.
2025-11-17 23:23:38,896 - INFO - context_portal_mcp.db.database - Running Alembic migrations for database: D:\Gawean Rebinmas\Monitoring Database\Plantware_Auto_Report\Daftar_Upah_Reporting\refactor_production\context_portal\context.db
2025-11-18 12:13:54,753 - INFO - context_portal_mcp.main - File logging configured to: D:\Gawean Rebinmas\Monitoring Database\Plantware_Auto_Report\Daftar_Upah_Reporting\refactor_production\context_portal\./logs/conport.log
2025-11-18 12:13:54,753 - INFO - context_portal_mcp.core.config - Database filename set to: context.db
2025-11-18 12:13:54,754 - INFO - context_portal_mcp.main - Using database filename: context.db
2025-11-18 12:13:54,754 - INFO - context_portal_mcp.main - Parsed CLI args: Namespace(host='127.0.0.1', port=8000, workspace_id='D:\\Gawean Rebinmas\\Monitoring Database\\Plantware_Auto_Report\\Daftar_Upah_Reporting\\refactor_production', auto_detect_workspace=True, workspace_search_start=None, no_auto_detect=False, mode='stdio', log_file='./logs/conport.log', db_path=None, base_path=None, db_filename='context.db', log_level='INFO')
2025-11-18 12:13:54,754 - INFO - context_portal_mcp.main - Starting ConPort in STDIO mode with workspace detection enabled
2025-11-18 12:13:54,754 - WARNING - context_portal_mcp.core.workspace_detector - No workspace indicators found, using start path: C:\Users\nbgmf
2025-11-18 12:13:54,754 - INFO - context_portal_mcp.main - Workspace detection details: {'start_path': 'C:\\Users\\nbgmf', 'detected_workspace': 'C:\\Users\\nbgmf', 'context_portal_path': 'C:\\Users\\nbgmf\\context_portal', 'detection_method': 'fallback', 'indicators_found': [], 'environment_variables': {'VSCODE_WORKSPACE_FOLDER': None, 'CONPORT_WORKSPACE': None, 'PWD': None, 'CWD': 'C:\\Users\\nbgmf'}}
2025-11-18 12:13:54,754 - INFO - context_portal_mcp.main - Effective workspace ID: D:\Gawean Rebinmas\Monitoring Database\Plantware_Auto_Report\Daftar_Upah_Reporting\refactor_production
2025-11-18 12:13:54,756 - INFO - context_portal_mcp.main - Pre-warming database connection for workspace: D:\Gawean Rebinmas\Monitoring Database\Plantware_Auto_Report\Daftar_Upah_Reporting\refactor_production
2025-11-18 12:13:54,757 - INFO - context_portal_mcp.db.database - Alembic: Script directory D:\Gawean Rebinmas\Monitoring Database\Plantware_Auto_Report\Daftar_Upah_Reporting\refactor_production\context_portal\alembic confirmed to exist by Python.
2025-11-18 12:13:54,757 - INFO - context_portal_mcp.db.database - Running Alembic migrations for database: D:\Gawean Rebinmas\Monitoring Database\Plantware_Auto_Report\Daftar_Upah_Reporting\refactor_production\context_portal\context.db
2025-11-19 10:13:06,523 - INFO - context_portal_mcp.main - File logging configured to: D:\Gawean Rebinmas\Monitoring Database\Plantware_Auto_Report\Daftar_Upah_Reporting\refactor_production\context_portal\./logs/conport.log
2025-11-19 10:13:06,532 - INFO - context_portal_mcp.core.config - Database filename set to: context.db
2025-11-19 10:13:06,532 - INFO - context_portal_mcp.main - Using database filename: context.db
2025-11-19 10:13:06,532 - INFO - context_portal_mcp.main - Parsed CLI args: Namespace(host='127.0.0.1', port=8000, workspace_id='D:\\Gawean Rebinmas\\Monitoring Database\\Plantware_Auto_Report\\Daftar_Upah_Reporting\\refactor_production', auto_detect_workspace=True, workspace_search_start=None, no_auto_detect=False, mode='stdio', log_file='./logs/conport.log', db_path=None, base_path=None, db_filename='context.db', log_level='INFO')
2025-11-19 10:13:06,532 - INFO - context_portal_mcp.main - Starting ConPort in STDIO mode with workspace detection enabled
2025-11-19 10:13:06,542 - WARNING - context_portal_mcp.core.workspace_detector - No workspace indicators found, using start path: C:\Users\nbgmf
2025-11-19 10:13:06,545 - INFO - context_portal_mcp.main - Workspace detection details: {'start_path': 'C:\\Users\\nbgmf', 'detected_workspace': 'C:\\Users\\nbgmf', 'context_portal_path': 'C:\\Users\\nbgmf\\context_portal', 'detection_method': 'fallback', 'indicators_found': [], 'environment_variables': {'VSCODE_WORKSPACE_FOLDER': None, 'CONPORT_WORKSPACE': None, 'PWD': None, 'CWD': 'C:\\Users\\nbgmf'}}
2025-11-19 10:13:06,545 - INFO - context_portal_mcp.main - Effective workspace ID: D:\Gawean Rebinmas\Monitoring Database\Plantware_Auto_Report\Daftar_Upah_Reporting\refactor_production
2025-11-19 10:13:06,545 - INFO - context_portal_mcp.main - Pre-warming database connection for workspace: D:\Gawean Rebinmas\Monitoring Database\Plantware_Auto_Report\Daftar_Upah_Reporting\refactor_production
2025-11-19 10:13:06,545 - INFO - context_portal_mcp.db.database - Alembic: Script directory D:\Gawean Rebinmas\Monitoring Database\Plantware_Auto_Report\Daftar_Upah_Reporting\refactor_production\context_portal\alembic confirmed to exist by Python.
2025-11-19 10:13:06,545 - INFO - context_portal_mcp.db.database - Running Alembic migrations for database: D:\Gawean Rebinmas\Monitoring Database\Plantware_Auto_Report\Daftar_Upah_Reporting\refactor_production\context_portal\context.db
2025-11-20 15:20:03,471 - INFO - context_portal_mcp.main - File logging configured to: D:\Gawean Rebinmas\Monitoring Database\Plantware_Auto_Report\Daftar_Upah_Reporting\refactor_production\context_portal\./logs/conport.log
2025-11-20 15:20:03,486 - INFO - context_portal_mcp.core.config - Database filename set to: context.db
2025-11-20 15:20:03,486 - INFO - context_portal_mcp.main - Using database filename: context.db
2025-11-20 15:20:03,491 - INFO - context_portal_mcp.main - Parsed CLI args: Namespace(host='127.0.0.1', port=8000, workspace_id='D:\\Gawean Rebinmas\\Monitoring Database\\Plantware_Auto_Report\\Daftar_Upah_Reporting\\refactor_production', auto_detect_workspace=True, workspace_search_start=None, no_auto_detect=False, mode='stdio', log_file='./logs/conport.log', db_path=None, base_path=None, db_filename='context.db', log_level='INFO')
2025-11-20 15:20:03,491 - INFO - context_portal_mcp.main - Starting ConPort in STDIO mode with workspace detection enabled
2025-11-20 15:20:03,491 - WARNING - context_portal_mcp.core.workspace_detector - No workspace indicators found, using start path: C:\Users\nbgmf
2025-11-20 15:20:03,491 - INFO - context_portal_mcp.main - Workspace detection details: {'start_path': 'C:\\Users\\nbgmf', 'detected_workspace': 'C:\\Users\\nbgmf', 'context_portal_path': 'C:\\Users\\nbgmf\\context_portal', 'detection_method': 'fallback', 'indicators_found': [], 'environment_variables': {'VSCODE_WORKSPACE_FOLDER': None, 'CONPORT_WORKSPACE': None, 'PWD': None, 'CWD': 'C:\\Users\\nbgmf'}}
2025-11-20 15:20:03,491 - INFO - context_portal_mcp.main - Effective workspace ID: D:\Gawean Rebinmas\Monitoring Database\Plantware_Auto_Report\Daftar_Upah_Reporting\refactor_production
2025-11-20 15:20:03,491 - INFO - context_portal_mcp.main - Pre-warming database connection for workspace: D:\Gawean Rebinmas\Monitoring Database\Plantware_Auto_Report\Daftar_Upah_Reporting\refactor_production
2025-11-20 15:20:03,501 - INFO - context_portal_mcp.db.database - Alembic: Script directory D:\Gawean Rebinmas\Monitoring Database\Plantware_Auto_Report\Daftar_Upah_Reporting\refactor_production\context_portal\alembic confirmed to exist by Python.
2025-11-20 15:20:03,501 - INFO - context_portal_mcp.db.database - Running Alembic migrations for database: D:\Gawean Rebinmas\Monitoring Database\Plantware_Auto_Report\Daftar_Upah_Reporting\refactor_production\context_portal\context.db
2025-11-24 09:29:08,478 - INFO - context_portal_mcp.main - File logging configured to: D:\Gawean Rebinmas\Monitoring Database\Plantware_Auto_Report\Daftar_Upah_Reporting\refactor_production\context_portal\./logs/conport.log
2025-11-24 09:29:08,479 - INFO - context_portal_mcp.core.config - Database filename set to: context.db
2025-11-24 09:29:08,479 - INFO - context_portal_mcp.main - Using database filename: context.db
2025-11-24 09:29:08,479 - INFO - context_portal_mcp.main - Parsed CLI args: Namespace(host='127.0.0.1', port=8000, workspace_id='D:\\Gawean Rebinmas\\Monitoring Database\\Plantware_Auto_Report\\Daftar_Upah_Reporting\\refactor_production', auto_detect_workspace=True, workspace_search_start=None, no_auto_detect=False, mode='stdio', log_file='./logs/conport.log', db_path=None, base_path=None, db_filename='context.db', log_level='INFO')
2025-11-24 09:29:08,479 - INFO - context_portal_mcp.main - Starting ConPort in STDIO mode with workspace detection enabled
2025-11-24 09:29:08,480 - WARNING - context_portal_mcp.core.workspace_detector - No workspace indicators found, using start path: C:\Users\nbgmf
2025-11-24 09:29:08,480 - INFO - context_portal_mcp.main - Workspace detection details: {'start_path': 'C:\\Users\\nbgmf', 'detected_workspace': 'C:\\Users\\nbgmf', 'context_portal_path': 'C:\\Users\\nbgmf\\context_portal', 'detection_method': 'fallback', 'indicators_found': [], 'environment_variables': {'VSCODE_WORKSPACE_FOLDER': None, 'CONPORT_WORKSPACE': None, 'PWD': None, 'CWD': 'C:\\Users\\nbgmf'}}
2025-11-24 09:29:08,482 - INFO - context_portal_mcp.main - Effective workspace ID: D:\Gawean Rebinmas\Monitoring Database\Plantware_Auto_Report\Daftar_Upah_Reporting\refactor_production
2025-11-24 09:29:08,482 - INFO - context_portal_mcp.main - Pre-warming database connection for workspace: D:\Gawean Rebinmas\Monitoring Database\Plantware_Auto_Report\Daftar_Upah_Reporting\refactor_production
2025-11-24 09:29:08,487 - INFO - context_portal_mcp.db.database - Alembic: Script directory D:\Gawean Rebinmas\Monitoring Database\Plantware_Auto_Report\Daftar_Upah_Reporting\refactor_production\context_portal\alembic confirmed to exist by Python.
2025-11-24 09:29:08,487 - INFO - context_portal_mcp.db.database - Running Alembic migrations for database: D:\Gawean Rebinmas\Monitoring Database\Plantware_Auto_Report\Daftar_Upah_Reporting\refactor_production\context_portal\context.db
2025-11-24 09:33:59,570 - INFO - context_portal_mcp.main - File logging configured to: D:\Gawean Rebinmas\Monitoring Database\Plantware_Auto_Report\Daftar_Upah_Reporting\refactor_production\context_portal\./logs/conport.log
2025-11-24 09:33:59,571 - INFO - context_portal_mcp.core.config - Database filename set to: context.db
2025-11-24 09:33:59,571 - INFO - context_portal_mcp.main - Using database filename: context.db
2025-11-24 09:33:59,571 - INFO - context_portal_mcp.main - Parsed CLI args: Namespace(host='127.0.0.1', port=8000, workspace_id='D:\\Gawean Rebinmas\\Monitoring Database\\Plantware_Auto_Report\\Daftar_Upah_Reporting\\refactor_production', auto_detect_workspace=True, workspace_search_start=None, no_auto_detect=False, mode='stdio', log_file='./logs/conport.log', db_path=None, base_path=None, db_filename='context.db', log_level='INFO')
2025-11-24 09:33:59,571 - INFO - context_portal_mcp.main - Starting ConPort in STDIO mode with workspace detection enabled
2025-11-24 09:33:59,572 - WARNING - context_portal_mcp.core.workspace_detector - No workspace indicators found, using start path: C:\Users\nbgmf
2025-11-24 09:33:59,573 - INFO - context_portal_mcp.main - Workspace detection details: {'start_path': 'C:\\Users\\nbgmf', 'detected_workspace': 'C:\\Users\\nbgmf', 'context_portal_path': 'C:\\Users\\nbgmf\\context_portal', 'detection_method': 'fallback', 'indicators_found': [], 'environment_variables': {'VSCODE_WORKSPACE_FOLDER': None, 'CONPORT_WORKSPACE': None, 'PWD': None, 'CWD': 'C:\\Users\\nbgmf'}}
2025-11-24 09:33:59,574 - INFO - context_portal_mcp.main - Effective workspace ID: D:\Gawean Rebinmas\Monitoring Database\Plantware_Auto_Report\Daftar_Upah_Reporting\refactor_production
2025-11-24 09:33:59,574 - INFO - context_portal_mcp.main - Pre-warming database connection for workspace: D:\Gawean Rebinmas\Monitoring Database\Plantware_Auto_Report\Daftar_Upah_Reporting\refactor_production
2025-11-24 09:33:59,575 - INFO - context_portal_mcp.db.database - Alembic: Script directory D:\Gawean Rebinmas\Monitoring Database\Plantware_Auto_Report\Daftar_Upah_Reporting\refactor_production\context_portal\alembic confirmed to exist by Python.
2025-11-24 09:33:59,575 - INFO - context_portal_mcp.db.database - Running Alembic migrations for database: D:\Gawean Rebinmas\Monitoring Database\Plantware_Auto_Report\Daftar_Upah_Reporting\refactor_production\context_portal\context.db
